../Library/Src/GPS.c:288:6:GPS_Ring_Init	8	static
../Library/Src/GPS.c:301:6:GPS_Ring_DMA_Update	16	static
../Library/Src/GPS.c:312:10:GPS_Ring_Available	4	static
../Library/Src/GPS.c:322:6:GPS_Ring_ReadByte	16	static
../Library/Src/GPS.c:339:6:GPS_Ring_Process	4	static
../Library/Src/GPS.c:351:13:add_field	24	static
../Library/Src/GPS.c:361:6:GPS_Tokenize	32	static
../Library/Src/GPS.c:413:17:field_to_uint	24	static
../Library/Src/GPS.c:427:15:field_to_float	40	static
../Library/Src/GPS.c:456:9:GPS_ParseUint8	24	static
../Library/Src/GPS.c:468:10:GPS_ParseUint32	24	static
../Library/Src/GPS.c:480:7:GPS_ParseFloat	40	static
../Library/Src/GPS.c:504:8:GPS_ParseCoordinate	48	static
../Library/Src/GPS.c:516:6:GPS_Parser_Init	16	static
../Library/Src/GPS.c:522:13:GPS_ParseRMC	48	static
../Library/Src/GPS.c:584:13:GPS_ParseGGA	16	static
../Library/Src/GPS.c:606:6:GPS_ParseSentence	16	static
../Library/Src/GPS.c:632:6:GPS_Parser_CommitIfReady	24	static
../Library/Src/GPS.c:653:6:GPS_Init	8	static
../Library/Src/GPS.c:664:6:GPS_Process	176	static
../Library/Src/GPS.c:701:6:GPS_IsFix	4	static
../Library/Src/GPS.c:706:6:GPS_IsDataValid	16	static
../Library/Src/GPS.c:719:19:GPS_GetData	4	static
../Library/Src/GPS.c:724:6:GPS_Reset	8	static
