../Library/Src/SIM800C.c:28:18:GSM_Init	16	static
../Library/Src/SIM800C.c:124:6:GSM_IsSimReady	8	static
../Library/Src/SIM800C.c:133:6:GSM_IsRegistered	8	static
../Library/Src/SIM800C.c:155:6:GSM_IsGPRSRegistered	8	static
../Library/Src/SIM800C.c:177:6:GSM_ClearBuffer	8	static
../Library/Src/SIM800C.c:184:14:GSM_SendCommandEx	32	static
../Library/Src/SIM800C.c:226:5:GSM_GetSignalQuality	24	static
../Library/Src/SIM800C.c:260:6:GSM_GetOperator	32	static
../Library/Src/SIM800C.c:307:6:GSM_GPRS_Open	160	static
../Library/Src/SIM800C.c:411:6:GSM_GPRS_GetIP	32	static
../Library/Src/SIM800C.c:458:6:GSM_GPRS_Close	8	static
../Library/Src/SIM800C.c:470:13:GSM_HTTP_GetResult	32	static
../Library/Src/SIM800C.c:496:13:GSM_HTTP_Open	8	static
../Library/Src/SIM800C.c:534:13:GSM_HTTP_Close	8	static
../Library/Src/SIM800C.c:543:13:GSM_HTTP_SetURL	272	static
../Library/Src/SIM800C.c:560:13:GSM_HTTP_ReadResponse	16	static
../Library/Src/SIM800C.c:584:6:GSM_HTTP_GET	32	static
../Library/Src/SIM800C.c:643:13:GSM_HTTP_SendData	56	static
../Library/Src/SIM800C.c:697:6:GSM_HTTP_POST	32	static
