../Core/Src/main.c:59:5:__io_putchar	16	static
../Core/Src/main.c:70:6:HAL_UART_RxCpltCallback	16	static
../Core/Src/main.c:119:5:main	2128	static
../Core/Src/main.c:330:6:SystemClock_Config	72	static
../Core/Src/main.c:366:13:MX_USART1_UART_Init	8	static
../Core/Src/main.c:399:13:MX_USART2_UART_Init	8	static
../Core/Src/main.c:432:13:MX_USART3_UART_Init	8	static
../Core/Src/main.c:463:13:MX_DMA_Init	16	static
../Core/Src/main.c:481:13:MX_GPIO_Init	40	static
../Core/Src/main.c:516:6:Error_Handler	4	static,ignoring_inline_asm
